###############################################################################
#
# IAR ELF Linker V8.30.1.114/W32 for ARM                  16/Jul/2019  09:48:15
# Copyright 2007-2018 IAR Systems AB.
#
#    Output file  =  
#        C:\Users\ndagieu\Documents\Capacitive_sensing_CVD\EWARM\Capacitive_sensing_CVD\Exe\Capacitive_sensing_CVD.out
#    Map file     =  
#        C:\Users\ndagieu\Documents\Capacitive_sensing_CVD\EWARM\Capacitive_sensing_CVD\List\Capacitive_sensing_CVD.map
#    Command line =  
#        -f C:\Users\ndagieu\AppData\Local\Temp\EWFC7C.tmp
#        (C:\Users\ndagieu\Documents\Capacitive_sensing_CVD\EWARM\Capacitive_sensing_CVD\Obj\main.o
#        C:\Users\ndagieu\Documents\Capacitive_sensing_CVD\EWARM\Capacitive_sensing_CVD\Obj\startup_stm32f746xx.o
#        C:\Users\ndagieu\Documents\Capacitive_sensing_CVD\EWARM\Capacitive_sensing_CVD\Obj\stm32f7xx_hal.o
#        C:\Users\ndagieu\Documents\Capacitive_sensing_CVD\EWARM\Capacitive_sensing_CVD\Obj\stm32f7xx_hal_adc.o
#        C:\Users\ndagieu\Documents\Capacitive_sensing_CVD\EWARM\Capacitive_sensing_CVD\Obj\stm32f7xx_hal_adc_ex.o
#        C:\Users\ndagieu\Documents\Capacitive_sensing_CVD\EWARM\Capacitive_sensing_CVD\Obj\stm32f7xx_hal_cortex.o
#        C:\Users\ndagieu\Documents\Capacitive_sensing_CVD\EWARM\Capacitive_sensing_CVD\Obj\stm32f7xx_hal_dma.o
#        C:\Users\ndagieu\Documents\Capacitive_sensing_CVD\EWARM\Capacitive_sensing_CVD\Obj\stm32f7xx_hal_dma_ex.o
#        C:\Users\ndagieu\Documents\Capacitive_sensing_CVD\EWARM\Capacitive_sensing_CVD\Obj\stm32f7xx_hal_eth.o
#        C:\Users\ndagieu\Documents\Capacitive_sensing_CVD\EWARM\Capacitive_sensing_CVD\Obj\stm32f7xx_hal_flash.o
#        C:\Users\ndagieu\Documents\Capacitive_sensing_CVD\EWARM\Capacitive_sensing_CVD\Obj\stm32f7xx_hal_flash_ex.o
#        C:\Users\ndagieu\Documents\Capacitive_sensing_CVD\EWARM\Capacitive_sensing_CVD\Obj\stm32f7xx_hal_gpio.o
#        C:\Users\ndagieu\Documents\Capacitive_sensing_CVD\EWARM\Capacitive_sensing_CVD\Obj\stm32f7xx_hal_i2c.o
#        C:\Users\ndagieu\Documents\Capacitive_sensing_CVD\EWARM\Capacitive_sensing_CVD\Obj\stm32f7xx_hal_i2c_ex.o
#        C:\Users\ndagieu\Documents\Capacitive_sensing_CVD\EWARM\Capacitive_sensing_CVD\Obj\stm32f7xx_hal_msp.o
#        C:\Users\ndagieu\Documents\Capacitive_sensing_CVD\EWARM\Capacitive_sensing_CVD\Obj\stm32f7xx_hal_pcd.o
#        C:\Users\ndagieu\Documents\Capacitive_sensing_CVD\EWARM\Capacitive_sensing_CVD\Obj\stm32f7xx_hal_pcd_ex.o
#        C:\Users\ndagieu\Documents\Capacitive_sensing_CVD\EWARM\Capacitive_sensing_CVD\Obj\stm32f7xx_hal_pwr.o
#        C:\Users\ndagieu\Documents\Capacitive_sensing_CVD\EWARM\Capacitive_sensing_CVD\Obj\stm32f7xx_hal_pwr_ex.o
#        C:\Users\ndagieu\Documents\Capacitive_sensing_CVD\EWARM\Capacitive_sensing_CVD\Obj\stm32f7xx_hal_rcc.o
#        C:\Users\ndagieu\Documents\Capacitive_sensing_CVD\EWARM\Capacitive_sensing_CVD\Obj\stm32f7xx_hal_rcc_ex.o
#        C:\Users\ndagieu\Documents\Capacitive_sensing_CVD\EWARM\Capacitive_sensing_CVD\Obj\stm32f7xx_hal_tim.o
#        C:\Users\ndagieu\Documents\Capacitive_sensing_CVD\EWARM\Capacitive_sensing_CVD\Obj\stm32f7xx_hal_tim_ex.o
#        C:\Users\ndagieu\Documents\Capacitive_sensing_CVD\EWARM\Capacitive_sensing_CVD\Obj\stm32f7xx_hal_uart.o
#        C:\Users\ndagieu\Documents\Capacitive_sensing_CVD\EWARM\Capacitive_sensing_CVD\Obj\stm32f7xx_it.o
#        C:\Users\ndagieu\Documents\Capacitive_sensing_CVD\EWARM\Capacitive_sensing_CVD\Obj\stm32f7xx_ll_usb.o
#        C:\Users\ndagieu\Documents\Capacitive_sensing_CVD\EWARM\Capacitive_sensing_CVD\Obj\system_stm32f7xx.o
#        --redirect _Printf=_PrintfFull --redirect _Scanf=_ScanfFull
#        --no_out_extension -o
#        C:\Users\ndagieu\Documents\Capacitive_sensing_CVD\EWARM\Capacitive_sensing_CVD\Exe\Capacitive_sensing_CVD.out
#        --map
#        C:\Users\ndagieu\Documents\Capacitive_sensing_CVD\EWARM\Capacitive_sensing_CVD\List\Capacitive_sensing_CVD.map
#        --config
#        C:\Users\ndagieu\Documents\Capacitive_sensing_CVD\EWARM/stm32f746xx_flash.icf
#        --semihosting --entry __iar_program_start --vfe --text_out locale)
#
###############################################################################

*******************************************************************************
*** RUNTIME MODEL ATTRIBUTES
***

CppFlavor       = *
__SystemLibrary = DLib
__dlib_version  = 6


*******************************************************************************
*** HEAP SELECTION
***

The basic heap was selected because some modules are built with
size limitations (and not runtime checking), and --advanced_heap
was not specified.


*******************************************************************************
*** PLACEMENT SUMMARY
***

"A0":  place at 0x800'0000 { ro section .intvec };
"P1":  place in [from 0x800'0000 to 0x80f'ffff] { ro };
define block CSTACK with size = 1K, alignment = 8 { };
define block HEAP with size = 512, alignment = 8 { };
"P2":  place in [from 0x2000'0000 to 0x2004'ffff] {
          rw, block CSTACK, block HEAP };
initialize by copy { rw };

  Section            Kind         Address    Size  Object
  -------            ----         -------    ----  ------
"A0":                                       0x1c8
  .intvec            ro code   0x800'0000   0x1c8  startup_stm32f746xx.o [1]
                             - 0x800'01c8   0x1c8

"P1":                                      0x2944
  .text              ro code   0x800'01c8   0x4bc  stm32f7xx_hal_rcc.o [1]
  .text              ro code   0x800'0684     0xc  stm32f7xx_hal.o [1]
  .text              ro code   0x800'0690    0x40  stm32f7xx_hal.o [1]
  .text              ro code   0x800'06d0   0x230  I64DivMod.o [4]
  .text              ro code   0x800'0900    0xac  stm32f7xx_hal_cortex.o [1]
  .text              ro code   0x800'09ac     0x2  I64DivZer.o [4]
  .text              ro code   0x800'09ae    0x3a  zero_init3.o [4]
  .text              ro code   0x800'09e8   0x47c  stm32f7xx_hal_adc.o [1]
  .text              ro code   0x800'0e64   0x274  stm32f7xx_hal_msp.o [1]
  .text              ro code   0x800'10d8   0x1f4  stm32f7xx_hal_gpio.o [1]
  .text              ro code   0x800'12cc     0x6  ABImemclr4.o [4]
  .text              ro code   0x800'12d4    0x32  ABImemset48.o [4]
  .text              ro code   0x800'1308   0x47c  stm32f7xx_hal_rcc_ex.o [1]
  .text              ro code   0x800'1784   0x41c  stm32f7xx_hal_uart.o [1]
  .text              ro code   0x800'1ba0   0x40e  main.o [1]
  .text              ro code   0x800'1fb0    0x16  stm32f7xx_hal.o [1]
  .text              ro code   0x800'1fc8   0x3ce  stm32f7xx_hal_eth.o [1]
  .text              ro code   0x800'2398    0xbc  stm32f7xx_hal_pcd.o [1]
  .text              ro code   0x800'2454    0x10  stm32f7xx_hal_pwr.o [1]
  .text              ro code   0x800'2464    0x28  stm32f7xx_hal.o [1]
  .text              ro code   0x800'248c   0x2b0  stm32f7xx_ll_usb.o [1]
  .text              ro code   0x800'273c    0x26  stm32f7xx_hal_pcd_ex.o [1]
  .text              ro code   0x800'2764    0x86  ABImemcpy.o [4]
  .text              ro code   0x800'27ec    0x60  system_stm32f7xx.o [1]
  .text              ro code   0x800'284c    0x2c  copy_init3.o [4]
  .text              ro code   0x800'2878    0x28  data_init.o [4]
  .text              ro code   0x800'28a0    0x22  fpinit_M.o [3]
  .iar.init_table    const     0x800'28c4    0x24  - Linker created -
  .text              ro code   0x800'28e8    0x1e  cmain.o [4]
  .text              ro code   0x800'2906     0x4  low_level_init.o [2]
  .text              ro code   0x800'290a     0x4  exit.o [2]
  .text              ro code   0x800'2910     0xa  cexit.o [4]
  .text              ro code   0x800'291c    0x14  exit.o [5]
  .text              ro code   0x800'2930    0x14  stm32f7xx_it.o [1]
  .text              ro code   0x800'2944    0x10  stm32f7xx_hal.o [1]
  .text              ro code   0x800'2954    0x10  startup_stm32f746xx.o [1]
  Initializer bytes  const     0x800'2964    0x10  <for P2-1>
  .text              ro code   0x800'2974     0xc  cstartup_M.o [4]
  .rodata            const     0x800'2980     0x8  system_stm32f7xx.o [1]
  .text              ro code   0x800'2988     0x4  startup_stm32f746xx.o [1]
  .text              ro code   0x800'298c     0x4  startup_stm32f746xx.o [1]
  .text              ro code   0x800'2990     0x4  startup_stm32f746xx.o [1]
  .text              ro code   0x800'2994     0x4  startup_stm32f746xx.o [1]
  .text              ro code   0x800'2998     0x4  startup_stm32f746xx.o [1]
  .text              ro code   0x800'299c     0x4  startup_stm32f746xx.o [1]
  .text              ro code   0x800'29a0     0x4  startup_stm32f746xx.o [1]
  .text              ro code   0x800'29a4     0x4  startup_stm32f746xx.o [1]
  .text              ro code   0x800'29a8     0x4  startup_stm32f746xx.o [1]
  .text              ro code   0x800'29ac     0x4  startup_stm32f746xx.o [1]
  .text              ro code   0x800'29b0     0x4  startup_stm32f746xx.o [1]
  .text              ro code   0x800'29b4     0x4  startup_stm32f746xx.o [1]
  .text              ro code   0x800'29b8     0x4  startup_stm32f746xx.o [1]
  .text              ro code   0x800'29bc     0x4  startup_stm32f746xx.o [1]
  .text              ro code   0x800'29c0     0x4  startup_stm32f746xx.o [1]
  .text              ro code   0x800'29c4     0x4  startup_stm32f746xx.o [1]
  .text              ro code   0x800'29c8     0x4  startup_stm32f746xx.o [1]
  .text              ro code   0x800'29cc     0x4  startup_stm32f746xx.o [1]
  .text              ro code   0x800'29d0     0x4  startup_stm32f746xx.o [1]
  .text              ro code   0x800'29d4     0x4  startup_stm32f746xx.o [1]
  .text              ro code   0x800'29d8     0x4  startup_stm32f746xx.o [1]
  .text              ro code   0x800'29dc     0x4  startup_stm32f746xx.o [1]
  .text              ro code   0x800'29e0     0x4  startup_stm32f746xx.o [1]
  .text              ro code   0x800'29e4     0x4  startup_stm32f746xx.o [1]
  .text              ro code   0x800'29e8     0x4  startup_stm32f746xx.o [1]
  .text              ro code   0x800'29ec     0x4  startup_stm32f746xx.o [1]
  .text              ro code   0x800'29f0     0x4  startup_stm32f746xx.o [1]
  .text              ro code   0x800'29f4     0x4  startup_stm32f746xx.o [1]
  .text              ro code   0x800'29f8     0x4  startup_stm32f746xx.o [1]
  .text              ro code   0x800'29fc     0x4  startup_stm32f746xx.o [1]
  .text              ro code   0x800'2a00     0x4  startup_stm32f746xx.o [1]
  .text              ro code   0x800'2a04     0x4  startup_stm32f746xx.o [1]
  .text              ro code   0x800'2a08     0x4  startup_stm32f746xx.o [1]
  .text              ro code   0x800'2a0c     0x4  startup_stm32f746xx.o [1]
  .text              ro code   0x800'2a10     0x4  startup_stm32f746xx.o [1]
  .text              ro code   0x800'2a14     0x4  startup_stm32f746xx.o [1]
  .text              ro code   0x800'2a18     0x4  startup_stm32f746xx.o [1]
  .text              ro code   0x800'2a1c     0x4  startup_stm32f746xx.o [1]
  .text              ro code   0x800'2a20     0x4  startup_stm32f746xx.o [1]
  .text              ro code   0x800'2a24     0x4  startup_stm32f746xx.o [1]
  .text              ro code   0x800'2a28     0x4  startup_stm32f746xx.o [1]
  .text              ro code   0x800'2a2c     0x4  startup_stm32f746xx.o [1]
  .text              ro code   0x800'2a30     0x4  startup_stm32f746xx.o [1]
  .text              ro code   0x800'2a34     0x4  startup_stm32f746xx.o [1]
  .text              ro code   0x800'2a38     0x4  startup_stm32f746xx.o [1]
  .text              ro code   0x800'2a3c     0x4  startup_stm32f746xx.o [1]
  .text              ro code   0x800'2a40     0x4  startup_stm32f746xx.o [1]
  .text              ro code   0x800'2a44     0x4  startup_stm32f746xx.o [1]
  .text              ro code   0x800'2a48     0x4  startup_stm32f746xx.o [1]
  .text              ro code   0x800'2a4c     0x4  startup_stm32f746xx.o [1]
  .text              ro code   0x800'2a50     0x4  startup_stm32f746xx.o [1]
  .text              ro code   0x800'2a54     0x4  startup_stm32f746xx.o [1]
  .text              ro code   0x800'2a58     0x4  startup_stm32f746xx.o [1]
  .text              ro code   0x800'2a5c     0x4  startup_stm32f746xx.o [1]
  .text              ro code   0x800'2a60     0x4  startup_stm32f746xx.o [1]
  .text              ro code   0x800'2a64     0x4  startup_stm32f746xx.o [1]
  .text              ro code   0x800'2a68     0x4  startup_stm32f746xx.o [1]
  .text              ro code   0x800'2a6c     0x4  startup_stm32f746xx.o [1]
  .text              ro code   0x800'2a70     0x4  startup_stm32f746xx.o [1]
  .text              ro code   0x800'2a74     0x4  startup_stm32f746xx.o [1]
  .text              ro code   0x800'2a78     0x4  startup_stm32f746xx.o [1]
  .text              ro code   0x800'2a7c     0x4  startup_stm32f746xx.o [1]
  .text              ro code   0x800'2a80     0x4  startup_stm32f746xx.o [1]
  .text              ro code   0x800'2a84     0x4  startup_stm32f746xx.o [1]
  .text              ro code   0x800'2a88     0x4  startup_stm32f746xx.o [1]
  .text              ro code   0x800'2a8c     0x4  startup_stm32f746xx.o [1]
  .text              ro code   0x800'2a90     0x4  startup_stm32f746xx.o [1]
  .text              ro code   0x800'2a94     0x4  startup_stm32f746xx.o [1]
  .text              ro code   0x800'2a98     0x4  startup_stm32f746xx.o [1]
  .text              ro code   0x800'2a9c     0x4  startup_stm32f746xx.o [1]
  .text              ro code   0x800'2aa0     0x4  startup_stm32f746xx.o [1]
  .text              ro code   0x800'2aa4     0x4  startup_stm32f746xx.o [1]
  .text              ro code   0x800'2aa8     0x4  startup_stm32f746xx.o [1]
  .text              ro code   0x800'2aac     0x4  startup_stm32f746xx.o [1]
  .text              ro code   0x800'2ab0     0x4  startup_stm32f746xx.o [1]
  .text              ro code   0x800'2ab4     0x4  startup_stm32f746xx.o [1]
  .text              ro code   0x800'2ab8     0x4  startup_stm32f746xx.o [1]
  .text              ro code   0x800'2abc     0x4  startup_stm32f746xx.o [1]
  .text              ro code   0x800'2ac0     0x4  startup_stm32f746xx.o [1]
  .text              ro code   0x800'2ac4     0x4  startup_stm32f746xx.o [1]
  .text              ro code   0x800'2ac8     0x4  startup_stm32f746xx.o [1]
  .text              ro code   0x800'2acc     0x4  startup_stm32f746xx.o [1]
  .text              ro code   0x800'2ad0     0x4  startup_stm32f746xx.o [1]
  .text              ro code   0x800'2ad4     0x4  startup_stm32f746xx.o [1]
  .text              ro code   0x800'2ad8     0x4  startup_stm32f746xx.o [1]
  .text              ro code   0x800'2adc     0x4  startup_stm32f746xx.o [1]
  .text              ro code   0x800'2ae0     0x4  startup_stm32f746xx.o [1]
  .text              ro code   0x800'2ae4     0x4  startup_stm32f746xx.o [1]
  .text              ro code   0x800'2ae8     0x4  startup_stm32f746xx.o [1]
  .text              ro code   0x800'2aec     0x4  startup_stm32f746xx.o [1]
  .text              ro code   0x800'2af0     0x4  startup_stm32f746xx.o [1]
  .text              ro code   0x800'2af4     0x4  startup_stm32f746xx.o [1]
  .text              ro code   0x800'2af8     0x4  startup_stm32f746xx.o [1]
  .text              ro code   0x800'2afc     0x4  startup_stm32f746xx.o [1]
  .text              ro code   0x800'2b00     0x4  startup_stm32f746xx.o [1]
  .text              ro code   0x800'2b04     0x4  startup_stm32f746xx.o [1]
  .text              ro code   0x800'2b08     0x4  startup_stm32f746xx.o [1]
  .rodata            const     0x800'2b0c     0x0  zero_init3.o [4]
  .rodata            const     0x800'2b0c     0x0  copy_init3.o [4]
                             - 0x800'2b0c  0x2944

"P2", part 1 of 3:                           0x10
  P2-1                        0x2000'0000    0x10  <Init block>
    .data            inited   0x2000'0000     0xc  stm32f7xx_hal.o [1]
    .data            inited   0x2000'000c     0x4  system_stm32f7xx.o [1]
                            - 0x2000'0010    0x10

"P2", part 2 of 3:                          0x514
  .bss               zero     0x2000'0010   0x4cc  main.o [1]
  .bss               zero     0x2000'04dc    0x48  main.o [1]
                            - 0x2000'0524   0x514

"P2", part 3 of 3:                          0x400
  CSTACK                      0x2000'0528   0x400  <Block>
    CSTACK           uninit   0x2000'0528   0x400  <Block tail>
                            - 0x2000'0928   0x400

Unused ranges:

         From           To      Size
         ----           --      ----
   0x800'2b0c   0x80f'ffff  0xf'd4f4
  0x2000'0524  0x2000'0527       0x4
  0x2000'0928  0x2004'ffff  0x4'f6d8


*******************************************************************************
*** INIT TABLE
***

          Address      Size
          -------      ----
Zero (__iar_zero_init3)
    1 destination range, total size 0x514:
          0x2000'0010  0x514

Copy (__iar_copy_init3)
    1 source range, total size 0x10:
           0x800'2964   0x10
    1 destination range, total size 0x10:
          0x2000'0000   0x10



*******************************************************************************
*** MODULE SUMMARY
***

    Module                  ro code  ro data  rw data
    ------                  -------  -------  -------
command line/config:
    -------------------------------------------------
    Total:

C:\Users\ndagieu\Documents\Capacitive_sensing_CVD\EWARM\Capacitive_sensing_CVD\Obj: [1]
    main.o                    1 038             1 300
    startup_stm32f746xx.o       860
    stm32f7xx_hal.o             154       12       12
    stm32f7xx_hal_adc.o       1 148
    stm32f7xx_hal_cortex.o      172
    stm32f7xx_hal_eth.o         974
    stm32f7xx_hal_gpio.o        500
    stm32f7xx_hal_msp.o         628
    stm32f7xx_hal_pcd.o         188
    stm32f7xx_hal_pcd_ex.o       38
    stm32f7xx_hal_pwr.o          16
    stm32f7xx_hal_rcc.o       1 212
    stm32f7xx_hal_rcc_ex.o    1 148
    stm32f7xx_hal_uart.o      1 052
    stm32f7xx_it.o               20
    stm32f7xx_ll_usb.o          688
    system_stm32f7xx.o           96       12        4
    -------------------------------------------------
    Total:                    9 932       24    1 316

dl7M_tlf.a: [2]
    exit.o                        4
    low_level_init.o              4
    -------------------------------------------------
    Total:                        8

m7M_tls.a: [3]
    fpinit_M.o                   34
    -------------------------------------------------
    Total:                       34

rt7M_tl.a: [4]
    ABImemclr4.o                  6
    ABImemcpy.o                 134
    ABImemset48.o                50
    I64DivMod.o                 560
    I64DivZer.o                   2
    cexit.o                      10
    cmain.o                      30
    copy_init3.o                 44
    cstartup_M.o                 12
    data_init.o                  40
    zero_init3.o                 58
    -------------------------------------------------
    Total:                      946

shb_l.a: [5]
    exit.o                       20
    -------------------------------------------------
    Total:                       20

    Gaps                         18        2
    Linker created                        36    1 024
-----------------------------------------------------
    Grand Total:             10 958       62    2 340


*******************************************************************************
*** ENTRY LIST
***

Entry                       Address   Size  Type      Object
-----                       -------   ----  ----      ------
.iar.init_table$$Base    0x800'28c4          --   Gb  - Linker created -
.iar.init_table$$Limit   0x800'28e8          --   Gb  - Linker created -
?main                    0x800'28e9         Code  Gb  cmain.o [4]
ADC_Init                 0x800'0d4b   0xf8  Code  Lc  stm32f7xx_hal_adc.o [1]
ADC_out                 0x2000'04c8    0x4  Data  Gb  main.o [1]
AHBPrescTable            0x800'283c   0x10  Data  Gb  system_stm32f7xx.o [1]
APBPrescTable            0x800'2980    0x8  Data  Gb  system_stm32f7xx.o [1]
BusFault_Handler         0x800'2937    0x2  Code  Gb  stm32f7xx_it.o [1]
CSTACK$$Base            0x2000'0528          --   Gb  - Linker created -
CSTACK$$Limit           0x2000'0928          --   Gb  - Linker created -
DebugMon_Handler         0x800'293d    0x2  Code  Gb  stm32f7xx_it.o [1]
ETH_MACDMAConfig         0x800'226f   0xea  Code  Lc  stm32f7xx_hal_eth.o [1]
HAL_ADC_ConfigChannel    0x800'0c0d  0x128  Code  Gb  stm32f7xx_hal_adc.o [1]
HAL_ADC_GetValue         0x800'0c07    0x6  Code  Gb  stm32f7xx_hal_adc.o [1]
HAL_ADC_Init             0x800'09e9   0x50  Code  Gb  stm32f7xx_hal_adc.o [1]
HAL_ADC_MspInit          0x800'0e91   0x4e  Code  Gb  stm32f7xx_hal_msp.o [1]
HAL_ADC_PollForConversion
                         0x800'0ab9   0x9e  Code  Gb  stm32f7xx_hal_adc.o [1]
HAL_ADC_Start            0x800'0a39   0x50  Code  Gb  stm32f7xx_hal_adc.o [1]
HAL_ADC_Stop             0x800'0a89   0x30  Code  Gb  stm32f7xx_hal_adc.o [1]
HAL_Delay                0x800'2465   0x28  Code  Wk  stm32f7xx_hal.o [1]
HAL_ETH_Init             0x800'1fc9  0x1b2  Code  Gb  stm32f7xx_hal_eth.o [1]
HAL_ETH_MspInit          0x800'0edf   0xd2  Code  Gb  stm32f7xx_hal_msp.o [1]
HAL_ETH_ReadPHYRegister
                         0x800'2189   0x78  Code  Gb  stm32f7xx_hal_eth.o [1]
HAL_ETH_WritePHYRegister
                         0x800'2201   0x6e  Code  Gb  stm32f7xx_hal_eth.o [1]
HAL_GPIO_Init            0x800'10d9  0x1b6  Code  Gb  stm32f7xx_hal_gpio.o [1]
HAL_GPIO_WritePin        0x800'128f    0x8  Code  Gb  stm32f7xx_hal_gpio.o [1]
HAL_GetTick              0x800'0685    0xc  Code  Wk  stm32f7xx_hal.o [1]
HAL_IncTick              0x800'2945   0x10  Code  Wk  stm32f7xx_hal.o [1]
HAL_Init                 0x800'1fb1   0x16  Code  Gb  stm32f7xx_hal.o [1]
HAL_InitTick             0x800'0691   0x40  Code  Wk  stm32f7xx_hal.o [1]
HAL_MspInit              0x800'0e65   0x2c  Code  Gb  stm32f7xx_hal_msp.o [1]
HAL_NVIC_SetPriority     0x800'0935   0x3a  Code  Gb  stm32f7xx_hal_cortex.o [1]
HAL_NVIC_SetPriorityGrouping
                         0x800'091b   0x1a  Code  Gb  stm32f7xx_hal_cortex.o [1]
HAL_PCDEx_ActivateLPM    0x800'273d   0x26  Code  Gb  stm32f7xx_hal_pcd_ex.o [1]
HAL_PCD_Init             0x800'2399   0xb2  Code  Gb  stm32f7xx_hal_pcd.o [1]
HAL_PCD_MspInit          0x800'1031   0x80  Code  Gb  stm32f7xx_hal_msp.o [1]
HAL_PWR_EnableBkUpAccess
                         0x800'2455    0xc  Code  Gb  stm32f7xx_hal_pwr.o [1]
HAL_RCCEx_PeriphCLKConfig
                         0x800'1309  0x442  Code  Gb  stm32f7xx_hal_rcc_ex.o [1]
HAL_RCC_ClockConfig      0x800'04db   0xf8  Code  Gb  stm32f7xx_hal_rcc.o [1]
HAL_RCC_GetHCLKFreq      0x800'0633    0x6  Code  Gb  stm32f7xx_hal_rcc.o [1]
HAL_RCC_GetPCLK1Freq     0x800'0639   0x10  Code  Gb  stm32f7xx_hal_rcc.o [1]
HAL_RCC_GetPCLK2Freq     0x800'0649    0xe  Code  Gb  stm32f7xx_hal_rcc.o [1]
HAL_RCC_GetSysClockFreq
                         0x800'05e7   0x4c  Code  Gb  stm32f7xx_hal_rcc.o [1]
HAL_RCC_OscConfig        0x800'01c9  0x312  Code  Gb  stm32f7xx_hal_rcc.o [1]
HAL_SYSTICK_Config       0x800'096f   0x28  Code  Gb  stm32f7xx_hal_cortex.o [1]
HAL_UART_Init            0x800'1785   0x36  Code  Gb  stm32f7xx_hal_uart.o [1]
HAL_UART_MspInit         0x800'0fcf   0x58  Code  Gb  stm32f7xx_hal_msp.o [1]
HardFault_Handler        0x800'2933    0x2  Code  Gb  stm32f7xx_it.o [1]
MX_GPIO_Init             0x800'1d65   0xdc  Code  Lc  main.o [1]
MemManage_Handler        0x800'2935    0x2  Code  Gb  stm32f7xx_it.o [1]
NMI_Handler              0x800'2931    0x2  Code  Gb  stm32f7xx_it.o [1]
NVIC_SetPriority         0x800'0901   0x1a  Code  Lc  stm32f7xx_hal_cortex.o [1]
PendSV_Handler           0x800'293f    0x2  Code  Gb  stm32f7xx_it.o [1]
Region$$Table$$Base      0x800'28c4          --   Gb  - Linker created -
Region$$Table$$Limit     0x800'28e8          --   Gb  - Linker created -
SVC_Handler              0x800'293b    0x2  Code  Gb  stm32f7xx_it.o [1]
SysTick_Handler          0x800'2941    0x4  Code  Gb  stm32f7xx_it.o [1]
SystemClock_Config       0x800'1cbf   0xa6  Code  Gb  main.o [1]
SystemCoreClock         0x2000'000c    0x4  Data  Gb  system_stm32f7xx.o [1]
SystemInit               0x800'27ed   0x3c  Code  Gb  system_stm32f7xx.o [1]
UART_AdvFeatureConfig    0x800'1a99   0xc8  Code  Gb  stm32f7xx_hal_uart.o [1]
UART_CheckIdleState      0x800'1b61   0x40  Code  Gb  stm32f7xx_hal_uart.o [1]
UART_SetConfig           0x800'1865  0x202  Code  Gb  stm32f7xx_hal_uart.o [1]
UART_WaitOnFlagUntilTimeout
                         0x800'1805   0x5e  Code  Gb  stm32f7xx_hal_uart.o [1]
USB_CoreInit             0x800'248d   0x6e  Code  Gb  stm32f7xx_ll_usb.o [1]
USB_CoreReset            0x800'2703   0x2a  Code  Lc  stm32f7xx_ll_usb.o [1]
USB_DevDisconnect        0x800'26eb    0xc  Code  Gb  stm32f7xx_ll_usb.o [1]
USB_DevInit              0x800'252f  0x174  Code  Gb  stm32f7xx_ll_usb.o [1]
USB_DisableGlobalInt     0x800'24fb    0x6  Code  Gb  stm32f7xx_ll_usb.o [1]
USB_FlushRxFifo          0x800'26c1   0x1a  Code  Gb  stm32f7xx_ll_usb.o [1]
USB_FlushTxFifo          0x800'26a3   0x1e  Code  Gb  stm32f7xx_ll_usb.o [1]
USB_SetCurrentMode       0x800'2507   0x28  Code  Gb  stm32f7xx_ll_usb.o [1]
USB_SetDevSpeed          0x800'26db    0xa  Code  Gb  stm32f7xx_ll_usb.o [1]
UsageFault_Handler       0x800'2939    0x2  Code  Gb  stm32f7xx_it.o [1]
__aeabi_ldiv0            0x800'09ad         Code  Gb  I64DivZer.o [4]
__aeabi_memclr4          0x800'12cd         Code  Gb  ABImemclr4.o [4]
__aeabi_memcpy4          0x800'2765         Code  Gb  ABImemcpy.o [4]
__aeabi_memcpy8          0x800'2765         Code  Gb  ABImemcpy.o [4]
__aeabi_uldivmod         0x800'06d1         Code  Gb  I64DivMod.o [4]
__cmain                  0x800'28e9         Code  Gb  cmain.o [4]
__exit                   0x800'291d   0x14  Code  Gb  exit.o [5]
__iar_Memset4_word       0x800'12d5         Code  Gb  ABImemset48.o [4]
__iar_Memset8_word       0x800'12d5         Code  Gb  ABImemset48.o [4]
__iar_copy_init3         0x800'284d   0x2c  Code  Gb  copy_init3.o [4]
__iar_data_init3         0x800'2879   0x28  Code  Gb  data_init.o [4]
__iar_init_vfp           0x800'28a1         Code  Gb  fpinit_M.o [3]
__iar_program_start      0x800'2975         Code  Gb  cstartup_M.o [4]
__iar_zero_init3         0x800'09af   0x3a  Code  Gb  zero_init3.o [4]
__low_level_init         0x800'2907    0x4  Code  Gb  low_level_init.o [2]
__vector_table           0x800'0000         Data  Gb  startup_stm32f746xx.o [1]
_call_main               0x800'28f5         Code  Gb  cmain.o [4]
_exit                    0x800'2911         Code  Gb  cexit.o [4]
_main                    0x800'2903         Code  Gb  cmain.o [4]
exit                     0x800'290b    0x4  Code  Gb  exit.o [2]
get_CAP_value            0x800'1eef   0x6a  Code  Gb  main.o [1]
hadc1                   0x2000'04dc   0x48  Data  Gb  main.o [1]
heth                    0x2000'0010   0x48  Data  Gb  main.o [1]
high                    0x2000'04d8    0x4  Data  Gb  main.o [1]
hpcd_USB_OTG_FS         0x2000'0058  0x400  Data  Gb  main.o [1]
huart3                  0x2000'0458   0x70  Data  Gb  main.o [1]
low                     0x2000'04cc    0x4  Data  Gb  main.o [1]
low2                    0x2000'04d0    0x4  Data  Gb  main.o [1]
low3                    0x2000'04d4    0x4  Data  Gb  main.o [1]
main                     0x800'1ba1  0x11e  Code  Gb  main.o [1]
set_ADC_toTOUCH          0x800'1ec1   0x1e  Code  Gb  main.o [1]
set_ADC_toVREF           0x800'1e49   0x26  Code  Gb  main.o [1]
set_GND_toTOUCH          0x800'1e6f   0x46  Code  Gb  main.o [1]
uwTick                  0x2000'0004    0x4  Data  Gb  stm32f7xx_hal.o [1]
uwTickFreq              0x2000'0000    0x1  Data  Gb  stm32f7xx_hal.o [1]
uwTickPrio              0x2000'0008    0x4  Data  Gb  stm32f7xx_hal.o [1]


[1] = C:\Users\ndagieu\Documents\Capacitive_sensing_CVD\EWARM\Capacitive_sensing_CVD\Obj
[2] = dl7M_tlf.a
[3] = m7M_tls.a
[4] = rt7M_tl.a
[5] = shb_l.a

  10 958 bytes of readonly  code memory
      62 bytes of readonly  data memory
   2 340 bytes of readwrite data memory

Errors: none
Warnings: none
