###############################################################################
#
# IAR ELF Linker V8.30.1.114/W32 for ARM                  16/Jul/2019  10:46:00
# Copyright 2007-2018 IAR Systems AB.
#
#    Output file  =  
#        C:\Users\ndagieu\Documents\Capacitive_sensing_CVD\EWARM\Capacitive_sensing_CVD\Exe\Capacitive_sensing_CVD.out
#    Map file     =  
#        C:\Users\ndagieu\Documents\Capacitive_sensing_CVD\EWARM\Capacitive_sensing_CVD\List\Capacitive_sensing_CVD.map
#    Command line =  
#        -f C:\Users\ndagieu\AppData\Local\Temp\EWDC06.tmp
#        (C:\Users\ndagieu\Documents\Capacitive_sensing_CVD\EWARM\Capacitive_sensing_CVD\Obj\main.o
#        C:\Users\ndagieu\Documents\Capacitive_sensing_CVD\EWARM\Capacitive_sensing_CVD\Obj\startup_stm32f746xx.o
#        C:\Users\ndagieu\Documents\Capacitive_sensing_CVD\EWARM\Capacitive_sensing_CVD\Obj\stm32f7xx_hal.o
#        C:\Users\ndagieu\Documents\Capacitive_sensing_CVD\EWARM\Capacitive_sensing_CVD\Obj\stm32f7xx_hal_adc.o
#        C:\Users\ndagieu\Documents\Capacitive_sensing_CVD\EWARM\Capacitive_sensing_CVD\Obj\stm32f7xx_hal_adc_ex.o
#        C:\Users\ndagieu\Documents\Capacitive_sensing_CVD\EWARM\Capacitive_sensing_CVD\Obj\stm32f7xx_hal_cortex.o
#        C:\Users\ndagieu\Documents\Capacitive_sensing_CVD\EWARM\Capacitive_sensing_CVD\Obj\stm32f7xx_hal_dma.o
#        C:\Users\ndagieu\Documents\Capacitive_sensing_CVD\EWARM\Capacitive_sensing_CVD\Obj\stm32f7xx_hal_dma_ex.o
#        C:\Users\ndagieu\Documents\Capacitive_sensing_CVD\EWARM\Capacitive_sensing_CVD\Obj\stm32f7xx_hal_eth.o
#        C:\Users\ndagieu\Documents\Capacitive_sensing_CVD\EWARM\Capacitive_sensing_CVD\Obj\stm32f7xx_hal_flash.o
#        C:\Users\ndagieu\Documents\Capacitive_sensing_CVD\EWARM\Capacitive_sensing_CVD\Obj\stm32f7xx_hal_flash_ex.o
#        C:\Users\ndagieu\Documents\Capacitive_sensing_CVD\EWARM\Capacitive_sensing_CVD\Obj\stm32f7xx_hal_gpio.o
#        C:\Users\ndagieu\Documents\Capacitive_sensing_CVD\EWARM\Capacitive_sensing_CVD\Obj\stm32f7xx_hal_i2c.o
#        C:\Users\ndagieu\Documents\Capacitive_sensing_CVD\EWARM\Capacitive_sensing_CVD\Obj\stm32f7xx_hal_i2c_ex.o
#        C:\Users\ndagieu\Documents\Capacitive_sensing_CVD\EWARM\Capacitive_sensing_CVD\Obj\stm32f7xx_hal_msp.o
#        C:\Users\ndagieu\Documents\Capacitive_sensing_CVD\EWARM\Capacitive_sensing_CVD\Obj\stm32f7xx_hal_pcd.o
#        C:\Users\ndagieu\Documents\Capacitive_sensing_CVD\EWARM\Capacitive_sensing_CVD\Obj\stm32f7xx_hal_pcd_ex.o
#        C:\Users\ndagieu\Documents\Capacitive_sensing_CVD\EWARM\Capacitive_sensing_CVD\Obj\stm32f7xx_hal_pwr.o
#        C:\Users\ndagieu\Documents\Capacitive_sensing_CVD\EWARM\Capacitive_sensing_CVD\Obj\stm32f7xx_hal_pwr_ex.o
#        C:\Users\ndagieu\Documents\Capacitive_sensing_CVD\EWARM\Capacitive_sensing_CVD\Obj\stm32f7xx_hal_rcc.o
#        C:\Users\ndagieu\Documents\Capacitive_sensing_CVD\EWARM\Capacitive_sensing_CVD\Obj\stm32f7xx_hal_rcc_ex.o
#        C:\Users\ndagieu\Documents\Capacitive_sensing_CVD\EWARM\Capacitive_sensing_CVD\Obj\stm32f7xx_hal_tim.o
#        C:\Users\ndagieu\Documents\Capacitive_sensing_CVD\EWARM\Capacitive_sensing_CVD\Obj\stm32f7xx_hal_tim_ex.o
#        C:\Users\ndagieu\Documents\Capacitive_sensing_CVD\EWARM\Capacitive_sensing_CVD\Obj\stm32f7xx_hal_uart.o
#        C:\Users\ndagieu\Documents\Capacitive_sensing_CVD\EWARM\Capacitive_sensing_CVD\Obj\stm32f7xx_it.o
#        C:\Users\ndagieu\Documents\Capacitive_sensing_CVD\EWARM\Capacitive_sensing_CVD\Obj\stm32f7xx_ll_usb.o
#        C:\Users\ndagieu\Documents\Capacitive_sensing_CVD\EWARM\Capacitive_sensing_CVD\Obj\system_stm32f7xx.o
#        --redirect _Printf=_PrintfFull --redirect _Scanf=_ScanfFull
#        --no_out_extension -o
#        C:\Users\ndagieu\Documents\Capacitive_sensing_CVD\EWARM\Capacitive_sensing_CVD\Exe\Capacitive_sensing_CVD.out
#        --map
#        C:\Users\ndagieu\Documents\Capacitive_sensing_CVD\EWARM\Capacitive_sensing_CVD\List\Capacitive_sensing_CVD.map
#        --config
#        C:\Users\ndagieu\Documents\Capacitive_sensing_CVD\EWARM/stm32f746xx_flash.icf
#        --semihosting --entry __iar_program_start --vfe --text_out locale)
#
###############################################################################

*******************************************************************************
*** RUNTIME MODEL ATTRIBUTES
***

CppFlavor       = *
__SystemLibrary = DLib
__dlib_version  = 6


*******************************************************************************
*** HEAP SELECTION
***

The basic heap was selected because some modules are built with
size limitations (and not runtime checking), and --advanced_heap
was not specified.


*******************************************************************************
*** PLACEMENT SUMMARY
***

"A0":  place at 0x800'0000 { ro section .intvec };
"P1":  place in [from 0x800'0000 to 0x80f'ffff] { ro };
define block CSTACK with size = 1K, alignment = 8 { };
define block HEAP with size = 512, alignment = 8 { };
"P2":  place in [from 0x2000'0000 to 0x2004'ffff] {
          rw, block CSTACK, block HEAP };
initialize by copy { rw };

  Section            Kind         Address    Size  Object
  -------            ----         -------    ----  ------
"A0":                                       0x1c8
  .intvec            ro code   0x800'0000   0x1c8  startup_stm32f746xx.o [1]
                             - 0x800'01c8   0x1c8

"P1":                                      0x2f30
  .text              ro code   0x800'01c8   0x4c2  main.o [1]
  .text              ro code   0x800'068a    0x3a  zero_init3.o [4]
  .text              ro code   0x800'06c4    0x16  stm32f7xx_hal.o [1]
  .text              ro code   0x800'06dc   0x3ce  stm32f7xx_hal_eth.o [1]
  .text              ro code   0x800'0aac   0x41c  stm32f7xx_hal_uart.o [1]
  .text              ro code   0x800'0ec8    0xbc  stm32f7xx_hal_pcd.o [1]
  .text              ro code   0x800'0f84     0x6  ABImemclr4.o [4]
  .text              ro code   0x800'0f8c   0x47c  stm32f7xx_hal_adc.o [1]
  .text              ro code   0x800'1408   0x2ac  stm32f7xx_hal_tim.o [1]
  .text              ro code   0x800'16b4   0x220  stm32f7xx_hal_tim_ex.o [1]
  .text              ro code   0x800'18d4   0x2e0  stm32f7xx_hal_msp.o [1]
  .text              ro code   0x800'1bb4    0x10  stm32f7xx_hal_pwr.o [1]
  .text              ro code   0x800'1bc4   0x4bc  stm32f7xx_hal_rcc.o [1]
  .text              ro code   0x800'2080   0x47c  stm32f7xx_hal_rcc_ex.o [1]
  .text              ro code   0x800'24fc   0x1f4  stm32f7xx_hal_gpio.o [1]
  .text              ro code   0x800'26f0    0x28  stm32f7xx_hal.o [1]
  .text              ro code   0x800'2718    0xac  stm32f7xx_hal_cortex.o [1]
  .text              ro code   0x800'27c4    0x40  stm32f7xx_hal.o [1]
  .text              ro code   0x800'2804     0xc  stm32f7xx_hal.o [1]
  .text              ro code   0x800'2810   0x2b0  stm32f7xx_ll_usb.o [1]
  .text              ro code   0x800'2ac0    0x26  stm32f7xx_hal_pcd_ex.o [1]
  .text              ro code   0x800'2ae8    0x86  ABImemcpy.o [4]
  .text              ro code   0x800'2b70    0x32  ABImemset48.o [4]
  .text              ro code   0x800'2ba4   0x230  I64DivMod.o [4]
  .text              ro code   0x800'2dd4     0x2  I64DivZer.o [4]
  .text              ro code   0x800'2dd8    0x60  system_stm32f7xx.o [1]
  .text              ro code   0x800'2e38    0x2c  copy_init3.o [4]
  .text              ro code   0x800'2e64    0x28  data_init.o [4]
  .text              ro code   0x800'2e8c    0x22  fpinit_M.o [3]
  .iar.init_table    const     0x800'2eb0    0x24  - Linker created -
  .text              ro code   0x800'2ed4    0x1e  cmain.o [4]
  .text              ro code   0x800'2ef2     0x4  low_level_init.o [2]
  .text              ro code   0x800'2ef6     0x4  exit.o [2]
  .text              ro code   0x800'2efc     0xa  cexit.o [4]
  .text              ro code   0x800'2f08    0x14  exit.o [5]
  .text              ro code   0x800'2f1c    0x14  stm32f7xx_it.o [1]
  .text              ro code   0x800'2f30    0x10  stm32f7xx_hal.o [1]
  .text              ro code   0x800'2f40    0x10  startup_stm32f746xx.o [1]
  Initializer bytes  const     0x800'2f50    0x10  <for P2-1>
  .text              ro code   0x800'2f60     0xc  cstartup_M.o [4]
  .rodata            const     0x800'2f6c     0x8  system_stm32f7xx.o [1]
  .text              ro code   0x800'2f74     0x4  startup_stm32f746xx.o [1]
  .text              ro code   0x800'2f78     0x4  startup_stm32f746xx.o [1]
  .text              ro code   0x800'2f7c     0x4  startup_stm32f746xx.o [1]
  .text              ro code   0x800'2f80     0x4  startup_stm32f746xx.o [1]
  .text              ro code   0x800'2f84     0x4  startup_stm32f746xx.o [1]
  .text              ro code   0x800'2f88     0x4  startup_stm32f746xx.o [1]
  .text              ro code   0x800'2f8c     0x4  startup_stm32f746xx.o [1]
  .text              ro code   0x800'2f90     0x4  startup_stm32f746xx.o [1]
  .text              ro code   0x800'2f94     0x4  startup_stm32f746xx.o [1]
  .text              ro code   0x800'2f98     0x4  startup_stm32f746xx.o [1]
  .text              ro code   0x800'2f9c     0x4  startup_stm32f746xx.o [1]
  .text              ro code   0x800'2fa0     0x4  startup_stm32f746xx.o [1]
  .text              ro code   0x800'2fa4     0x4  startup_stm32f746xx.o [1]
  .text              ro code   0x800'2fa8     0x4  startup_stm32f746xx.o [1]
  .text              ro code   0x800'2fac     0x4  startup_stm32f746xx.o [1]
  .text              ro code   0x800'2fb0     0x4  startup_stm32f746xx.o [1]
  .text              ro code   0x800'2fb4     0x4  startup_stm32f746xx.o [1]
  .text              ro code   0x800'2fb8     0x4  startup_stm32f746xx.o [1]
  .text              ro code   0x800'2fbc     0x4  startup_stm32f746xx.o [1]
  .text              ro code   0x800'2fc0     0x4  startup_stm32f746xx.o [1]
  .text              ro code   0x800'2fc4     0x4  startup_stm32f746xx.o [1]
  .text              ro code   0x800'2fc8     0x4  startup_stm32f746xx.o [1]
  .text              ro code   0x800'2fcc     0x4  startup_stm32f746xx.o [1]
  .text              ro code   0x800'2fd0     0x4  startup_stm32f746xx.o [1]
  .text              ro code   0x800'2fd4     0x4  startup_stm32f746xx.o [1]
  .text              ro code   0x800'2fd8     0x4  startup_stm32f746xx.o [1]
  .text              ro code   0x800'2fdc     0x4  startup_stm32f746xx.o [1]
  .text              ro code   0x800'2fe0     0x4  startup_stm32f746xx.o [1]
  .text              ro code   0x800'2fe4     0x4  startup_stm32f746xx.o [1]
  .text              ro code   0x800'2fe8     0x4  startup_stm32f746xx.o [1]
  .text              ro code   0x800'2fec     0x4  startup_stm32f746xx.o [1]
  .text              ro code   0x800'2ff0     0x4  startup_stm32f746xx.o [1]
  .text              ro code   0x800'2ff4     0x4  startup_stm32f746xx.o [1]
  .text              ro code   0x800'2ff8     0x4  startup_stm32f746xx.o [1]
  .text              ro code   0x800'2ffc     0x4  startup_stm32f746xx.o [1]
  .text              ro code   0x800'3000     0x4  startup_stm32f746xx.o [1]
  .text              ro code   0x800'3004     0x4  startup_stm32f746xx.o [1]
  .text              ro code   0x800'3008     0x4  startup_stm32f746xx.o [1]
  .text              ro code   0x800'300c     0x4  startup_stm32f746xx.o [1]
  .text              ro code   0x800'3010     0x4  startup_stm32f746xx.o [1]
  .text              ro code   0x800'3014     0x4  startup_stm32f746xx.o [1]
  .text              ro code   0x800'3018     0x4  startup_stm32f746xx.o [1]
  .text              ro code   0x800'301c     0x4  startup_stm32f746xx.o [1]
  .text              ro code   0x800'3020     0x4  startup_stm32f746xx.o [1]
  .text              ro code   0x800'3024     0x4  startup_stm32f746xx.o [1]
  .text              ro code   0x800'3028     0x4  startup_stm32f746xx.o [1]
  .text              ro code   0x800'302c     0x4  startup_stm32f746xx.o [1]
  .text              ro code   0x800'3030     0x4  startup_stm32f746xx.o [1]
  .text              ro code   0x800'3034     0x4  startup_stm32f746xx.o [1]
  .text              ro code   0x800'3038     0x4  startup_stm32f746xx.o [1]
  .text              ro code   0x800'303c     0x4  startup_stm32f746xx.o [1]
  .text              ro code   0x800'3040     0x4  startup_stm32f746xx.o [1]
  .text              ro code   0x800'3044     0x4  startup_stm32f746xx.o [1]
  .text              ro code   0x800'3048     0x4  startup_stm32f746xx.o [1]
  .text              ro code   0x800'304c     0x4  startup_stm32f746xx.o [1]
  .text              ro code   0x800'3050     0x4  startup_stm32f746xx.o [1]
  .text              ro code   0x800'3054     0x4  startup_stm32f746xx.o [1]
  .text              ro code   0x800'3058     0x4  startup_stm32f746xx.o [1]
  .text              ro code   0x800'305c     0x4  startup_stm32f746xx.o [1]
  .text              ro code   0x800'3060     0x4  startup_stm32f746xx.o [1]
  .text              ro code   0x800'3064     0x4  startup_stm32f746xx.o [1]
  .text              ro code   0x800'3068     0x4  startup_stm32f746xx.o [1]
  .text              ro code   0x800'306c     0x4  startup_stm32f746xx.o [1]
  .text              ro code   0x800'3070     0x4  startup_stm32f746xx.o [1]
  .text              ro code   0x800'3074     0x4  startup_stm32f746xx.o [1]
  .text              ro code   0x800'3078     0x4  startup_stm32f746xx.o [1]
  .text              ro code   0x800'307c     0x4  startup_stm32f746xx.o [1]
  .text              ro code   0x800'3080     0x4  startup_stm32f746xx.o [1]
  .text              ro code   0x800'3084     0x4  startup_stm32f746xx.o [1]
  .text              ro code   0x800'3088     0x4  startup_stm32f746xx.o [1]
  .text              ro code   0x800'308c     0x4  startup_stm32f746xx.o [1]
  .text              ro code   0x800'3090     0x4  startup_stm32f746xx.o [1]
  .text              ro code   0x800'3094     0x4  startup_stm32f746xx.o [1]
  .text              ro code   0x800'3098     0x4  startup_stm32f746xx.o [1]
  .text              ro code   0x800'309c     0x4  startup_stm32f746xx.o [1]
  .text              ro code   0x800'30a0     0x4  startup_stm32f746xx.o [1]
  .text              ro code   0x800'30a4     0x4  startup_stm32f746xx.o [1]
  .text              ro code   0x800'30a8     0x4  startup_stm32f746xx.o [1]
  .text              ro code   0x800'30ac     0x4  startup_stm32f746xx.o [1]
  .text              ro code   0x800'30b0     0x4  startup_stm32f746xx.o [1]
  .text              ro code   0x800'30b4     0x4  startup_stm32f746xx.o [1]
  .text              ro code   0x800'30b8     0x4  startup_stm32f746xx.o [1]
  .text              ro code   0x800'30bc     0x4  startup_stm32f746xx.o [1]
  .text              ro code   0x800'30c0     0x4  startup_stm32f746xx.o [1]
  .text              ro code   0x800'30c4     0x4  startup_stm32f746xx.o [1]
  .text              ro code   0x800'30c8     0x4  startup_stm32f746xx.o [1]
  .text              ro code   0x800'30cc     0x4  startup_stm32f746xx.o [1]
  .text              ro code   0x800'30d0     0x4  startup_stm32f746xx.o [1]
  .text              ro code   0x800'30d4     0x4  startup_stm32f746xx.o [1]
  .text              ro code   0x800'30d8     0x4  startup_stm32f746xx.o [1]
  .text              ro code   0x800'30dc     0x4  startup_stm32f746xx.o [1]
  .text              ro code   0x800'30e0     0x4  startup_stm32f746xx.o [1]
  .text              ro code   0x800'30e4     0x4  startup_stm32f746xx.o [1]
  .text              ro code   0x800'30e8     0x4  startup_stm32f746xx.o [1]
  .text              ro code   0x800'30ec     0x4  startup_stm32f746xx.o [1]
  .text              ro code   0x800'30f0     0x4  startup_stm32f746xx.o [1]
  .text              ro code   0x800'30f4     0x4  startup_stm32f746xx.o [1]
  .rodata            const     0x800'30f8     0x0  zero_init3.o [4]
  .rodata            const     0x800'30f8     0x0  copy_init3.o [4]
                             - 0x800'30f8  0x2f30

"P2", part 1 of 3:                           0x10
  P2-1                        0x2000'0000    0x10  <Init block>
    .data            inited   0x2000'0000     0xc  stm32f7xx_hal.o [1]
    .data            inited   0x2000'000c     0x4  system_stm32f7xx.o [1]
                            - 0x2000'0010    0x10

"P2", part 2 of 3:                          0x554
  .bss               zero     0x2000'0010   0x50c  main.o [1]
  .bss               zero     0x2000'051c    0x48  main.o [1]
                            - 0x2000'0564   0x554

"P2", part 3 of 3:                          0x400
  CSTACK                      0x2000'0568   0x400  <Block>
    CSTACK           uninit   0x2000'0568   0x400  <Block tail>
                            - 0x2000'0968   0x400

Unused ranges:

         From           To      Size
         ----           --      ----
   0x800'30f8   0x80f'ffff  0xf'cf08
  0x2000'0564  0x2000'0567       0x4
  0x2000'0968  0x2004'ffff  0x4'f698


*******************************************************************************
*** INIT TABLE
***

          Address      Size
          -------      ----
Zero (__iar_zero_init3)
    1 destination range, total size 0x554:
          0x2000'0010  0x554

Copy (__iar_copy_init3)
    1 source range, total size 0x10:
           0x800'2f50   0x10
    1 destination range, total size 0x10:
          0x2000'0000   0x10



*******************************************************************************
*** MODULE SUMMARY
***

    Module                  ro code  ro data  rw data
    ------                  -------  -------  -------
command line/config:
    -------------------------------------------------
    Total:

C:\Users\ndagieu\Documents\Capacitive_sensing_CVD\EWARM\Capacitive_sensing_CVD\Obj: [1]
    main.o                    1 218             1 364
    startup_stm32f746xx.o       860
    stm32f7xx_hal.o             154       12       12
    stm32f7xx_hal_adc.o       1 148
    stm32f7xx_hal_cortex.o      172
    stm32f7xx_hal_eth.o         974
    stm32f7xx_hal_gpio.o        500
    stm32f7xx_hal_msp.o         736
    stm32f7xx_hal_pcd.o         188
    stm32f7xx_hal_pcd_ex.o       38
    stm32f7xx_hal_pwr.o          16
    stm32f7xx_hal_rcc.o       1 212
    stm32f7xx_hal_rcc_ex.o    1 148
    stm32f7xx_hal_tim.o         684
    stm32f7xx_hal_tim_ex.o      544
    stm32f7xx_hal_uart.o      1 052
    stm32f7xx_it.o               20
    stm32f7xx_ll_usb.o          688
    system_stm32f7xx.o           96       12        4
    -------------------------------------------------
    Total:                   11 448       24    1 380

dl7M_tlf.a: [2]
    exit.o                        4
    low_level_init.o              4
    -------------------------------------------------
    Total:                        8

m7M_tls.a: [3]
    fpinit_M.o                   34
    -------------------------------------------------
    Total:                       34

rt7M_tl.a: [4]
    ABImemclr4.o                  6
    ABImemcpy.o                 134
    ABImemset48.o                50
    I64DivMod.o                 560
    I64DivZer.o                   2
    cexit.o                      10
    cmain.o                      30
    copy_init3.o                 44
    cstartup_M.o                 12
    data_init.o                  40
    zero_init3.o                 58
    -------------------------------------------------
    Total:                      946

shb_l.a: [5]
    exit.o                       20
    -------------------------------------------------
    Total:                       20

    Gaps                         18        2
    Linker created                        36    1 024
-----------------------------------------------------
    Grand Total:             12 474       62    2 404


*******************************************************************************
*** ENTRY LIST
***

Entry                       Address   Size  Type      Object
-----                       -------   ----  ----      ------
.iar.init_table$$Base    0x800'2eb0          --   Gb  - Linker created -
.iar.init_table$$Limit   0x800'2ed4          --   Gb  - Linker created -
?main                    0x800'2ed5         Code  Gb  cmain.o [4]
ADC_Init                 0x800'12ef   0xf8  Code  Lc  stm32f7xx_hal_adc.o [1]
ADC_out                 0x2000'0508    0x4  Data  Gb  main.o [1]
AHBPrescTable            0x800'2e28   0x10  Data  Gb  system_stm32f7xx.o [1]
APBPrescTable            0x800'2f6c    0x8  Data  Gb  system_stm32f7xx.o [1]
BusFault_Handler         0x800'2f23    0x2  Code  Gb  stm32f7xx_it.o [1]
CSTACK$$Base            0x2000'0568          --   Gb  - Linker created -
CSTACK$$Limit           0x2000'0968          --   Gb  - Linker created -
DebugMon_Handler         0x800'2f29    0x2  Code  Gb  stm32f7xx_it.o [1]
ETH_MACDMAConfig         0x800'0983   0xea  Code  Lc  stm32f7xx_hal_eth.o [1]
HAL_ADC_ConfigChannel    0x800'11b1  0x128  Code  Gb  stm32f7xx_hal_adc.o [1]
HAL_ADC_GetValue         0x800'11ab    0x6  Code  Gb  stm32f7xx_hal_adc.o [1]
HAL_ADC_Init             0x800'0f8d   0x50  Code  Gb  stm32f7xx_hal_adc.o [1]
HAL_ADC_MspInit          0x800'1903   0x4e  Code  Gb  stm32f7xx_hal_msp.o [1]
HAL_ADC_PollForConversion
                         0x800'105d   0x9e  Code  Gb  stm32f7xx_hal_adc.o [1]
HAL_ADC_Start            0x800'0fdd   0x50  Code  Gb  stm32f7xx_hal_adc.o [1]
HAL_ADC_Stop             0x800'102d   0x30  Code  Gb  stm32f7xx_hal_adc.o [1]
HAL_Delay                0x800'26f1   0x28  Code  Wk  stm32f7xx_hal.o [1]
HAL_ETH_Init             0x800'06dd  0x1b2  Code  Gb  stm32f7xx_hal_eth.o [1]
HAL_ETH_MspInit          0x800'1951   0xd2  Code  Gb  stm32f7xx_hal_msp.o [1]
HAL_ETH_ReadPHYRegister
                         0x800'089d   0x78  Code  Gb  stm32f7xx_hal_eth.o [1]
HAL_ETH_WritePHYRegister
                         0x800'0915   0x6e  Code  Gb  stm32f7xx_hal_eth.o [1]
HAL_GPIO_Init            0x800'24fd  0x1b6  Code  Gb  stm32f7xx_hal_gpio.o [1]
HAL_GPIO_WritePin        0x800'26b3    0x8  Code  Gb  stm32f7xx_hal_gpio.o [1]
HAL_GetTick              0x800'2805    0xc  Code  Wk  stm32f7xx_hal.o [1]
HAL_IncTick              0x800'2f31   0x10  Code  Wk  stm32f7xx_hal.o [1]
HAL_Init                 0x800'06c5   0x16  Code  Gb  stm32f7xx_hal.o [1]
HAL_InitTick             0x800'27c5   0x40  Code  Wk  stm32f7xx_hal.o [1]
HAL_MspInit              0x800'18d5   0x2e  Code  Gb  stm32f7xx_hal_msp.o [1]
HAL_NVIC_SetPriority     0x800'274d   0x3a  Code  Gb  stm32f7xx_hal_cortex.o [1]
HAL_NVIC_SetPriorityGrouping
                         0x800'2733   0x1a  Code  Gb  stm32f7xx_hal_cortex.o [1]
HAL_PCDEx_ActivateLPM    0x800'2ac1   0x26  Code  Gb  stm32f7xx_hal_pcd_ex.o [1]
HAL_PCD_Init             0x800'0ec9   0xb2  Code  Gb  stm32f7xx_hal_pcd.o [1]
HAL_PCD_MspInit          0x800'1b07   0x80  Code  Gb  stm32f7xx_hal_msp.o [1]
HAL_PWR_EnableBkUpAccess
                         0x800'1bb5    0xc  Code  Gb  stm32f7xx_hal_pwr.o [1]
HAL_RCCEx_PeriphCLKConfig
                         0x800'2081  0x442  Code  Gb  stm32f7xx_hal_rcc_ex.o [1]
HAL_RCC_ClockConfig      0x800'1ed7   0xf8  Code  Gb  stm32f7xx_hal_rcc.o [1]
HAL_RCC_GetHCLKFreq      0x800'202f    0x6  Code  Gb  stm32f7xx_hal_rcc.o [1]
HAL_RCC_GetPCLK1Freq     0x800'2035   0x10  Code  Gb  stm32f7xx_hal_rcc.o [1]
HAL_RCC_GetPCLK2Freq     0x800'2045    0xe  Code  Gb  stm32f7xx_hal_rcc.o [1]
HAL_RCC_GetSysClockFreq
                         0x800'1fe3   0x4c  Code  Gb  stm32f7xx_hal_rcc.o [1]
HAL_RCC_OscConfig        0x800'1bc5  0x312  Code  Gb  stm32f7xx_hal_rcc.o [1]
HAL_SYSTICK_Config       0x800'2787   0x28  Code  Gb  stm32f7xx_hal_cortex.o [1]
HAL_TIMEx_MasterConfigSynchronization
                         0x800'16b5   0x50  Code  Gb  stm32f7xx_hal_tim_ex.o [1]
HAL_TIM_MspPostInit      0x800'1a63   0x42  Code  Gb  stm32f7xx_hal_msp.o [1]
HAL_TIM_PWM_ConfigChannel
                         0x800'1705  0x134  Code  Gb  stm32f7xx_hal_tim_ex.o [1]
HAL_TIM_PWM_Init         0x800'1433   0x1a  Code  Gb  stm32f7xx_hal_tim.o [1]
HAL_TIM_PWM_MspInit      0x800'1a41   0x22  Code  Gb  stm32f7xx_hal_msp.o [1]
HAL_TIM_PWM_Start        0x800'144d   0x14  Code  Gb  stm32f7xx_hal_tim.o [1]
HAL_UART_Init            0x800'0aad   0x36  Code  Gb  stm32f7xx_hal_uart.o [1]
HAL_UART_MspInit         0x800'1aa5   0x58  Code  Gb  stm32f7xx_hal_msp.o [1]
HardFault_Handler        0x800'2f1f    0x2  Code  Gb  stm32f7xx_it.o [1]
MX_GPIO_Init             0x800'0415   0xdc  Code  Lc  main.o [1]
MemManage_Handler        0x800'2f21    0x2  Code  Gb  stm32f7xx_it.o [1]
NMI_Handler              0x800'2f1d    0x2  Code  Gb  stm32f7xx_it.o [1]
NVIC_SetPriority         0x800'2719   0x1a  Code  Lc  stm32f7xx_hal_cortex.o [1]
PendSV_Handler           0x800'2f2b    0x2  Code  Gb  stm32f7xx_it.o [1]
Region$$Table$$Base      0x800'2eb0          --   Gb  - Linker created -
Region$$Table$$Limit     0x800'2ed4          --   Gb  - Linker created -
SVC_Handler              0x800'2f27    0x2  Code  Gb  stm32f7xx_it.o [1]
SysTick_Handler          0x800'2f2d    0x4  Code  Gb  stm32f7xx_it.o [1]
SystemClock_Config       0x800'036f   0xa6  Code  Gb  main.o [1]
SystemCoreClock         0x2000'000c    0x4  Data  Gb  system_stm32f7xx.o [1]
SystemInit               0x800'2dd9   0x3c  Code  Gb  system_stm32f7xx.o [1]
TIM_Base_SetConfig       0x800'148d   0x96  Code  Gb  stm32f7xx_hal_tim.o [1]
TIM_CCxChannelCmd        0x800'169d   0x18  Code  Gb  stm32f7xx_hal_tim.o [1]
TIM_OC1_SetConfig        0x800'1525   0x50  Code  Gb  stm32f7xx_hal_tim.o [1]
TIM_OC2_SetConfig        0x800'1575   0x50  Code  Gb  stm32f7xx_hal_tim.o [1]
TIM_OC3_SetConfig        0x800'15c5   0x56  Code  Gb  stm32f7xx_hal_tim.o [1]
TIM_OC4_SetConfig        0x800'161b   0x3e  Code  Gb  stm32f7xx_hal_tim.o [1]
TIM_OC5_SetConfig        0x800'1839   0x44  Code  Lc  stm32f7xx_hal_tim_ex.o [1]
TIM_OC6_SetConfig        0x800'187d   0x46  Code  Lc  stm32f7xx_hal_tim_ex.o [1]
UART_AdvFeatureConfig    0x800'0dc1   0xc8  Code  Gb  stm32f7xx_hal_uart.o [1]
UART_CheckIdleState      0x800'0e89   0x40  Code  Gb  stm32f7xx_hal_uart.o [1]
UART_SetConfig           0x800'0b8d  0x202  Code  Gb  stm32f7xx_hal_uart.o [1]
UART_WaitOnFlagUntilTimeout
                         0x800'0b2d   0x5e  Code  Gb  stm32f7xx_hal_uart.o [1]
USB_CoreInit             0x800'2811   0x6e  Code  Gb  stm32f7xx_ll_usb.o [1]
USB_CoreReset            0x800'2a87   0x2a  Code  Lc  stm32f7xx_ll_usb.o [1]
USB_DevDisconnect        0x800'2a6f    0xc  Code  Gb  stm32f7xx_ll_usb.o [1]
USB_DevInit              0x800'28b3  0x174  Code  Gb  stm32f7xx_ll_usb.o [1]
USB_DisableGlobalInt     0x800'287f    0x6  Code  Gb  stm32f7xx_ll_usb.o [1]
USB_FlushRxFifo          0x800'2a45   0x1a  Code  Gb  stm32f7xx_ll_usb.o [1]
USB_FlushTxFifo          0x800'2a27   0x1e  Code  Gb  stm32f7xx_ll_usb.o [1]
USB_SetCurrentMode       0x800'288b   0x28  Code  Gb  stm32f7xx_ll_usb.o [1]
USB_SetDevSpeed          0x800'2a5f    0xa  Code  Gb  stm32f7xx_ll_usb.o [1]
UsageFault_Handler       0x800'2f25    0x2  Code  Gb  stm32f7xx_it.o [1]
__aeabi_ldiv0            0x800'2dd5         Code  Gb  I64DivZer.o [4]
__aeabi_memclr4          0x800'0f85         Code  Gb  ABImemclr4.o [4]
__aeabi_memcpy4          0x800'2ae9         Code  Gb  ABImemcpy.o [4]
__aeabi_memcpy8          0x800'2ae9         Code  Gb  ABImemcpy.o [4]
__aeabi_uldivmod         0x800'2ba5         Code  Gb  I64DivMod.o [4]
__cmain                  0x800'2ed5         Code  Gb  cmain.o [4]
__exit                   0x800'2f09   0x14  Code  Gb  exit.o [5]
__iar_Memset4_word       0x800'2b71         Code  Gb  ABImemset48.o [4]
__iar_Memset8_word       0x800'2b71         Code  Gb  ABImemset48.o [4]
__iar_copy_init3         0x800'2e39   0x2c  Code  Gb  copy_init3.o [4]
__iar_data_init3         0x800'2e65   0x28  Code  Gb  data_init.o [4]
__iar_init_vfp           0x800'2e8d         Code  Gb  fpinit_M.o [3]
__iar_program_start      0x800'2f61         Code  Gb  cstartup_M.o [4]
__iar_zero_init3         0x800'068b   0x3a  Code  Gb  zero_init3.o [4]
__low_level_init         0x800'2ef3    0x4  Code  Gb  low_level_init.o [2]
__vector_table           0x800'0000         Data  Gb  startup_stm32f746xx.o [1]
_call_main               0x800'2ee1         Code  Gb  cmain.o [4]
_exit                    0x800'2efd         Code  Gb  cexit.o [4]
_main                    0x800'2eef         Code  Gb  cmain.o [4]
exit                     0x800'2ef7    0x4  Code  Gb  exit.o [2]
get_CAP_value            0x800'059f   0x6a  Code  Gb  main.o [1]
hadc1                   0x2000'051c   0x48  Data  Gb  main.o [1]
heth                    0x2000'0010   0x48  Data  Gb  main.o [1]
high                    0x2000'0518    0x4  Data  Gb  main.o [1]
hpcd_USB_OTG_FS         0x2000'0058  0x400  Data  Gb  main.o [1]
htim3                   0x2000'04c8   0x40  Data  Gb  main.o [1]
huart3                  0x2000'0458   0x70  Data  Gb  main.o [1]
low                     0x2000'050c    0x4  Data  Gb  main.o [1]
low2                    0x2000'0510    0x4  Data  Gb  main.o [1]
low3                    0x2000'0514    0x4  Data  Gb  main.o [1]
main                     0x800'01c9  0x1a6  Code  Gb  main.o [1]
set_ADC_toTOUCH          0x800'0571   0x1e  Code  Gb  main.o [1]
set_ADC_toVREF           0x800'04f9   0x26  Code  Gb  main.o [1]
set_GND_toTOUCH          0x800'051f   0x44  Code  Gb  main.o [1]
user_pwm3_setvalue       0x800'0663   0x28  Code  Gb  main.o [1]
uwTick                  0x2000'0004    0x4  Data  Gb  stm32f7xx_hal.o [1]
uwTickFreq              0x2000'0000    0x1  Data  Gb  stm32f7xx_hal.o [1]
uwTickPrio              0x2000'0008    0x4  Data  Gb  stm32f7xx_hal.o [1]


[1] = C:\Users\ndagieu\Documents\Capacitive_sensing_CVD\EWARM\Capacitive_sensing_CVD\Obj
[2] = dl7M_tlf.a
[3] = m7M_tls.a
[4] = rt7M_tl.a
[5] = shb_l.a

  12 474 bytes of readonly  code memory
      62 bytes of readonly  data memory
   2 404 bytes of readwrite data memory

Errors: none
Warnings: none
